// Jest Snapshot v1, https://goo.gl/fbAQLP

exports[`<Menu /> should match snapshot 1`] = `
.c1 {
  display: inline-block;
  vertical-align: middle;
  overflow: hidden;
}

.c6 {
  font-size: 2.4rem;
  text-transform: uppercase;
  font-style: italic;
}

.c8 {
  display: block;
  color: #FFF;
  text-decoration: none;
  margin-bottom: 1.4rem;
  border-right: 0.5rem solid #000;
  transition: all 150ms ease-in-out;
}

.c8:hover {
  border-right-color: #dc143c;
  color: #dc143c;
}

.c7 {
  display: block;
  color: #FFF;
  text-decoration: none;
  margin-bottom: 1.4rem;
  border-right: 0.5rem solid #000;
  transition: all 150ms ease-in-out;
}

.c7:hover {
  border-right-color: #dc143c;
  color: #dc143c;
}

.c2 {
  background: #000;
  padding: 3.2rem;
  display: flex;
  position: fixed;
  z-index: 1;
  width: 100%;
  max-width: 32rem;
  height: 100vh;
  top: 0;
  left: 0;
  transition: all 300ms ease-in-out;
  overflow-y: auto;
  left: -30rem;
  overflow-y: hidden;
}

.c2 img {
  width: calc(6.4rem * 3);
  height: calc(6.4rem * 3);
  border-radius: 50%;
}

.c3 {
  margin: auto;
  width: 100%;
}

.c4 .c5 {
  display: flex;
  justify-content: center;
  margin: 0;
  margin-bottom: 4.8rem;
}

.c4 .c5 img {
  border: 0.5rem solid #dc143c;
}

.c0 {
  position: fixed;
  top: 2.4rem;
  color: #FFF;
  background: #000;
  z-index: 2;
  width: 3rem;
  height: 3rem;
  left: 26rem;
  transition: all 300ms ease-in-out;
  left: 1rem;
  color: #FFF;
}

@media (max-width: 768px) {
  .c2 {
    left: -32rem;
  }
}

@media (max-width: 768px) {
  .c0 {
    left: -0.5rem;
  }
}

<div>
   
  <a
    aria-label="Open or close menu"
    class="c0"
    href="#"
    title="Open or close menu"
  >
    <svg
      aria-hidden="true"
      aria-label="Open menu"
      class="c1"
      fill="currentColor"
      focusable="false"
      viewBox="0 0 24 24"
      xmlns="http://www.w3.org/2000/svg"
    >
      <path
        d="M3 18h18v-2H3v2zm0-5h18v-2H3v2zm0-7v2h18V6H3z"
      />
    </svg>
  </a>
  <div
    aria-hidden="true"
    class="c2"
  >
    <nav
      class="c3"
    >
      <div
        class="c4"
      >
        <h1
          class="c5 c6"
        >
          <a
            href="/"
            target="_self"
          >
            <img
              alt="Erick Staviasz"
              src="https://imgs.search.brave.com/pVeJ4EDO0HlOGRt1gy91c4KgTDGgiK4RFmqMz-zIQAs/rs:fit:500:0:0/g:ce/aHR0cHM6Ly9zdGF0/aWM1LmRlcG9zaXRw/aG90b3MuY29tLzEw/MDYzNTQvNDEyL2kv/NjAwL2RlcG9zaXRw/aG90b3NfNDEyNTY1/Ny1zdG9jay1waG90/by1pbnRlcm5ldC10/ZWNobm9sb2d5Lmpw/Zw"
            />
          </a>
        </h1>
      </div>
      <a
        href="/home/1"
        target="_self"
      >
        <div
          class="c7"
        >
          My jobs
        </div>
      </a>
      <a
        href="/home/2"
        target="_self"
      >
        <div
          class="c7"
        >
          About me
        </div>
      </a>
      <a
        href="/home/3"
        target="_self"
      >
        <div
          class="c7"
        >
          Services
        </div>
      </a>
      <a
        class="c8"
        href="http://www.google.com"
        target="_self"
      >
        External Link
      </a>
      <a
        href="/home/5"
        target="_self"
      >
        <div
          class="c7"
        >
          JavaScript
        </div>
      </a>
      <a
        href="/home/6"
        target="_self"
      >
        <div
          class="c7"
        >
          Python
        </div>
      </a>
      <a
        href="/home/7"
        target="_self"
      >
        <div
          class="c7"
        >
          Consectetur
        </div>
      </a>
      <a
        href="/home/8"
        target="_self"
      >
        <div
          class="c7"
        >
          Text test
        </div>
      </a>
      <a
        href="/home/9"
        target="_self"
      >
        <div
          class="c7"
        >
          Pac-man
        </div>
      </a>
      <a
        href="/home/10"
        target="_self"
      >
        <div
          class="c7"
        >
          Star Wars
        </div>
      </a>
      <a
        href="/home/11"
        target="_self"
      >
        <div
          class="c7"
        >
          A menu
        </div>
      </a>
    </nav>
  </div>
   
</div>
`;
