// Jest Snapshot v1, https://goo.gl/fbAQLP

exports[`<MLink/> should mach 1`] = `
.c0 {
  display: block;
  color: #FFF;
  text-decoration: none;
  margin-bottom: 1.4rem;
  border-right: 0.5rem solid #000;
  transition: all 150ms ease-in-out;
}

.c0:hover {
  border-right-color: #dc143c;
  color: #dc143c;
}

<a
  class="c0"
  href="http://localhost"
  target="_blank"
>
  Children
</a>
`;
