// Jest Snapshot v1, https://goo.gl/fbAQLP

exports[`<ArticleHeader /> should render heading, excerpt, cover img and meta 1`] = `
.c5 {
  font-size: 1.4rem;
  color: #AAAAAA;
  font-style: italic;
}

.c5 .categories span::after {
  content: ', ';
}

.c5 .categories span:last-child::after {
  content: '';
}

.c5 a {
  color: #dc143c;
  text-decoration: none;
  transition: all 300ms ease-in-out;
}

.c5 a:hover {
  filter: brightness(50%);
}

.c2 {
  font-size: 4.0rem;
  text-transform: lowercase;
  font-style: italic;
}

.c0 {
  padding-bottom: 4.0rem;
  margin-bottom: 4.0rem;
  border-bottom: 0.1rem solid #DDD;
}

.c0 .c1 {
  margin: 0;
  margin-bottom: 2.4rem;
}

.c3 {
  margin: 2.4rem 0;
  font-size: 2.4rem;
}

.c4 {
  max-width: 100%;
  display: block;
  margin-bottom: 2.4rem;
}

<div>
   
  <header
    class="c0"
  >
    <h1
      class="c1 c2"
    >
      desenvolvimento web
    </h1>
    <p
      class="c3"
    >
      As varias areas de desenvolvimento web
    </p>
    <img
      alt="desenvolvimento web"
      class="c4"
      src="https://res.cloudinary.com/drko8mcj9/image/upload/v1691449461/photo_1498050108023_c5249f4df085_df84325049.webp"
    />
    <div
      class="c5"
    >
      <p>
        <span>
          Por 
        </span>
        <a
          href="/author/erick-staviasz"
        >
          Erick Staviasz
        </a>
        <span
          class="separator"
        >
           | 
        </span>
        <time
          datetime="2023-08-07T23:09:26.208Z"
        >
          7 de ago. de 2023
        </time>
        <span
          class="separator"
        >
           | 
        </span>
        <span
          class="categories"
        >
          <span>
            <a
              href="/category/java-script"
            >
              javaScript
            </a>
          </span>
          <span>
            <a
              href="/category/desenvolvimento"
            >
              desenvolvimento
            </a>
          </span>
        </span>
      </p>
    </div>
  </header>
   
</div>
`;
